// Jest Snapshot v1, https://goo.gl/fbAQLP

exports[`Vue i18n get keys 1`] = `
Array [
  Object {
    "annotationEnd": 50,
    "annotationStart": 38,
    "end": 49,
    "key": "project",
    "quoted": true,
    "start": 42,
  },
  Object {
    "annotationEnd": 84,
    "annotationStart": 69,
    "end": 83,
    "key": "not_exists",
    "quoted": true,
    "start": 73,
  },
  Object {
    "annotationEnd": 140,
    "annotationStart": 131,
    "end": 139,
    "key": "car",
    "quoted": true,
    "start": 136,
  },
  Object {
    "annotationEnd": 173,
    "annotationStart": 162,
    "end": 172,
    "key": "apple",
    "quoted": true,
    "start": 167,
  },
  Object {
    "annotationEnd": 222,
    "annotationStart": 211,
    "end": 221,
    "key": "apple",
    "quoted": true,
    "start": 216,
  },
  Object {
    "annotationEnd": 298,
    "annotationStart": 279,
    "end": 297,
    "key": "nested.hello",
    "quoted": true,
    "start": 285,
  },
  Object {
    "annotationEnd": 332,
    "annotationStart": 310,
    "end": 331,
    "key": "nested.greeting",
    "quoted": true,
    "start": 316,
  },
  Object {
    "annotationEnd": 426,
    "annotationStart": 404,
    "end": 425,
    "key": "term",
    "quoted": true,
    "start": 421,
  },
  Object {
    "annotationEnd": 538,
    "annotationStart": 530,
    "end": 537,
    "key": "tos",
    "quoted": true,
    "start": 534,
  },
  Object {
    "annotationEnd": 631,
    "annotationStart": 610,
    "end": 630,
    "key": "term",
    "quoted": true,
    "start": 626,
  },
  Object {
    "annotationEnd": 702,
    "annotationStart": 694,
    "end": 701,
    "key": "tos",
    "quoted": true,
    "start": 698,
  },
  Object {
    "annotationEnd": 765,
    "annotationStart": 746,
    "end": 764,
    "key": "term",
    "quoted": true,
    "start": 760,
  },
  Object {
    "annotationEnd": 836,
    "annotationStart": 828,
    "end": 835,
    "key": "tos",
    "quoted": true,
    "start": 832,
  },
  Object {
    "annotationEnd": 1051,
    "annotationStart": 1032,
    "end": 1050,
    "key": "nested.foo.bar",
    "quoted": true,
    "start": 1036,
  },
  Object {
    "annotationEnd": 1113,
    "annotationStart": 1093,
    "end": 1112,
    "key": "nested.foo.bar",
    "quoted": true,
    "start": 1098,
  },
]
`;
