// Jest Snapshot v1, https://goo.gl/fbAQLP

exports[`React with i18next get correct coverage report 1`] = `
Object {
  "allKeys": Array [
    "pages.home.title",
    "translation.description.part1",
    "translation.description.part2",
    "translation.foo.bar",
    "translation.title",
    "translation.titlew",
  ],
  "emptyKeys": Array [],
  "locale": "en",
  "missing": 0,
  "missingKeys": Array [],
  "total": 6,
  "translated": 6,
  "translatedKeys": Array [
    "pages.home.title",
    "translation.description.part1",
    "translation.description.part2",
    "translation.foo.bar",
    "translation.title",
    "translation.titlew",
  ],
}
`;

exports[`React with i18next get keys 1`] = `
Array [
  Object {
    "annotationEnd": 527,
    "annotationStart": 505,
    "end": 526,
    "key": "translation.title",
    "quoted": true,
    "start": 509,
  },
  Object {
    "annotationEnd": 740,
    "annotationStart": 700,
    "end": 739,
    "key": "translation.description.part1",
    "quoted": true,
    "start": 710,
  },
  Object {
    "annotationEnd": 1334,
    "annotationStart": 1300,
    "end": 1333,
    "key": "translation.description.part2",
    "quoted": true,
    "start": 1304,
  },
  Object {
    "annotationEnd": 1429,
    "annotationStart": 1389,
    "end": 1428,
    "key": "translation.description.part2",
    "quoted": true,
    "start": 1399,
  },
  Object {
    "annotationEnd": 1612,
    "annotationStart": 1604,
    "end": 1611,
    "key": "translation.foo.bar",
    "quoted": true,
    "start": 1608,
  },
  Object {
    "annotationEnd": 1661,
    "annotationStart": 1640,
    "end": 1660,
    "key": "pages.home.title",
    "quoted": true,
    "start": 1644,
  },
  Object {
    "annotationEnd": 1685,
    "annotationStart": 1664,
    "end": 1684,
    "key": "pages.home.title",
    "quoted": true,
    "start": 1668,
  },
  Object {
    "annotationEnd": 1793,
    "annotationStart": 1783,
    "end": 1792,
    "key": "pages.home.title",
    "quoted": true,
    "start": 1787,
  },
  Object {
    "annotationEnd": 1843,
    "annotationStart": 1821,
    "end": 1842,
    "key": "translation.title",
    "quoted": true,
    "start": 1825,
  },
  Object {
    "annotationEnd": 1954,
    "annotationStart": 1944,
    "end": 1953,
    "key": "pages.home.title",
    "quoted": true,
    "start": 1948,
  },
  Object {
    "annotationEnd": 1992,
    "annotationStart": 1982,
    "end": 1991,
    "key": "translation.title",
    "quoted": true,
    "start": 1986,
  },
  Object {
    "annotationEnd": 2191,
    "annotationStart": 2175,
    "end": 2190,
    "key": "pages.home.title",
    "quoted": true,
    "start": 2185,
  },
  Object {
    "annotationEnd": 2268,
    "annotationStart": 2252,
    "end": 2267,
    "key": "translation.title",
    "quoted": true,
    "start": 2262,
  },
]
`;
